../Core/Src/main.c:175:5:WriteBufferToFlash	24	static,ignoring_inline_asm
../Core/Src/main.c:126:5:EraseApplicationFlash	24	static,ignoring_inline_asm
../Core/Src/main.c:120:5:CheckApplicationCRC32	24	static
../Core/Src/main.c:275:6:LaunchApplication	4	static
../Core/Src/main.c:292:5:main	32	static
../Core/Src/main.c:421:6:SystemClock_Config	88	static
../Core/Src/main.c:468:13:MX_CRC_Init	8	static
../Core/Src/main.c:499:13:MX_FDCAN1_Init	32	static
../Core/Src/main.c:576:13:MX_GPIO_Init	16	static
../Core/Src/main.c:598:6:Error_Handler	4	static,ignoring_inline_asm
